Component: ARM Compiler 5.05 update 1 (build 106) Tool: armlink [4d0efa]

==============================================================================

Section Cross References

    main.o(i.TIMER2_IRQHandler) refers to bluecerist_service.o(i.setvalue) for setvalue
    main.o(i.TIMER2_IRQHandler) refers to main.o(i.stop_timer) for stop_timer
    main.o(i.TIMER2_IRQHandler) refers to main.o(.data) for i
    main.o(i.advertising_init) refers to memseta.o(.text) for __aeabi_memclr4
    main.o(i.advertising_init) refers to ble_advertising.o(i.ble_advertising_init) for ble_advertising_init
    main.o(i.advertising_init) refers to app_error.o(i.app_error_handler) for app_error_handler
    main.o(i.advertising_init) refers to main.o(.data) for m_adv_uuids
    main.o(i.advertising_init) refers to main.o(i.on_adv_evt) for on_adv_evt
    main.o(i.assert_nrf_callback) refers to app_error.o(i.app_error_handler) for app_error_handler
    main.o(i.ble_evt_dispatch) refers to device_manager_peripheral.o(i.dm_ble_evt_handler) for dm_ble_evt_handler
    main.o(i.ble_evt_dispatch) refers to ble_conn_params.o(i.ble_conn_params_on_ble_evt) for ble_conn_params_on_ble_evt
    main.o(i.ble_evt_dispatch) refers to bsp_btn_ble.o(i.bsp_btn_ble_on_ble_evt) for bsp_btn_ble_on_ble_evt
    main.o(i.ble_evt_dispatch) refers to main.o(i.on_ble_evt) for on_ble_evt
    main.o(i.ble_evt_dispatch) refers to ble_advertising.o(i.ble_advertising_on_ble_evt) for ble_advertising_on_ble_evt
    main.o(i.ble_evt_dispatch) refers to bluecerist_service.o(i.ble_our_service_on_ble_evt) for ble_our_service_on_ble_evt
    main.o(i.ble_evt_dispatch) refers to main.o(.bss) for m_our_service
    main.o(i.ble_stack_init) refers to softdevice_handler.o(i.softdevice_handler_init) for softdevice_handler_init
    main.o(i.ble_stack_init) refers to app_error.o(i.app_error_handler) for app_error_handler
    main.o(i.ble_stack_init) refers to softdevice_handler.o(i.softdevice_ble_evt_handler_set) for softdevice_ble_evt_handler_set
    main.o(i.ble_stack_init) refers to softdevice_handler.o(i.softdevice_sys_evt_handler_set) for softdevice_sys_evt_handler_set
    main.o(i.ble_stack_init) refers to main.o(.bss) for BLE_EVT_BUFFER
    main.o(i.ble_stack_init) refers to main.o(i.ble_evt_dispatch) for ble_evt_dispatch
    main.o(i.ble_stack_init) refers to main.o(i.sys_evt_dispatch) for sys_evt_dispatch
    main.o(i.bsp_event_handler) refers to main.o(i.sleep_mode_enter) for sleep_mode_enter
    main.o(i.bsp_event_handler) refers to app_error.o(i.app_error_handler) for app_error_handler
    main.o(i.bsp_event_handler) refers to ble_advertising.o(i.ble_advertising_restart_without_whitelist) for ble_advertising_restart_without_whitelist
    main.o(i.bsp_event_handler) refers to main.o(.data) for m_conn_handle
    main.o(i.buttons_leds_init) refers to bsp.o(i.bsp_init) for bsp_init
    main.o(i.buttons_leds_init) refers to app_error.o(i.app_error_handler) for app_error_handler
    main.o(i.buttons_leds_init) refers to bsp_btn_ble.o(i.bsp_btn_ble_init) for bsp_btn_ble_init
    main.o(i.buttons_leds_init) refers to bluecerist_service.o(i.setvalue) for setvalue
    main.o(i.buttons_leds_init) refers to main.o(i.bsp_event_handler) for bsp_event_handler
    main.o(i.conn_params_error_handler) refers to app_error.o(i.app_error_handler) for app_error_handler
    main.o(i.conn_params_init) refers to memseta.o(.text) for __aeabi_memclr4
    main.o(i.conn_params_init) refers to ble_conn_params.o(i.ble_conn_params_init) for ble_conn_params_init
    main.o(i.conn_params_init) refers to app_error.o(i.app_error_handler) for app_error_handler
    main.o(i.conn_params_init) refers to main.o(i.on_conn_params_evt) for on_conn_params_evt
    main.o(i.conn_params_init) refers to main.o(i.conn_params_error_handler) for conn_params_error_handler
    main.o(i.device_manager_evt_handler) refers to app_error.o(i.app_error_handler) for app_error_handler
    main.o(i.device_manager_init) refers to pstorage.o(i.pstorage_init) for pstorage_init
    main.o(i.device_manager_init) refers to app_error.o(i.app_error_handler) for app_error_handler
    main.o(i.device_manager_init) refers to device_manager_peripheral.o(i.dm_init) for dm_init
    main.o(i.device_manager_init) refers to memseta.o(.text) for __aeabi_memclr
    main.o(i.device_manager_init) refers to device_manager_peripheral.o(i.dm_register) for dm_register
    main.o(i.device_manager_init) refers to main.o(i.device_manager_evt_handler) for device_manager_evt_handler
    main.o(i.device_manager_init) refers to main.o(.data) for m_app_handle
    main.o(i.gap_params_init) refers to app_error.o(i.app_error_handler) for app_error_handler
    main.o(i.gpio_init) refers to nrf_drv_gpiote.o(i.nrf_drv_gpiote_in_init) for nrf_drv_gpiote_in_init
    main.o(i.gpio_init) refers to nrf_drv_gpiote.o(i.nrf_drv_gpiote_in_event_enable) for nrf_drv_gpiote_in_event_enable
    main.o(i.gpio_init) refers to main.o(i.in_pin_handler) for in_pin_handler
[...]
    i.flash_api_err_code_process             0x0001b748   Section        0  pstorage.o(i.flash_api_err_code_process)
    flash_api_err_code_process               0x0001b749   Thumb Code    42  pstorage.o(i.flash_api_err_code_process)
    i.flash_operation_failure_run            0x0001b778   Section        0  pstorage.o(i.flash_operation_failure_run)
    flash_operation_failure_run              0x0001b779   Thumb Code    52  pstorage.o(i.flash_operation_failure_run)
    i.flash_operation_success_run            0x0001b7b8   Section        0  pstorage.o(i.flash_operation_success_run)
    flash_operation_success_run              0x0001b7b9   Thumb Code    44  pstorage.o(i.flash_operation_success_run)
    i.flash_page_erase                       0x0001b7e8   Section        0  pstorage.o(i.flash_page_erase)
    flash_page_erase                         0x0001b7e9   Thumb Code    16  pstorage.o(i.flash_page_erase)
    i.flash_write                            0x0001b7f8   Section        0  pstorage.o(i.flash_write)
    flash_write                              0x0001b7f9   Thumb Code    24  pstorage.o(i.flash_write)
    i.gap_params_init                        0x0001b810   Section        0  main.o(i.gap_params_init)
    gap_params_init                          0x0001b811   Thumb Code   126  main.o(i.gap_params_init)
    i.gattc_context_apply                    0x0001b8a8   Section        0  device_manager_peripheral.o(i.gattc_context_apply)
    gattc_context_apply                      0x0001b8a9   Thumb Code     6  device_manager_peripheral.o(i.gattc_context_apply)
    i.gattc_context_load                     0x0001b8ae   Section        0  device_manager_peripheral.o(i.gattc_context_load)
    gattc_context_load                       0x0001b8af   Thumb Code     6  device_manager_peripheral.o(i.gattc_context_load)
    i.gattc_context_store                    0x0001b8b4   Section        0  device_manager_peripheral.o(i.gattc_context_store)
    gattc_context_store                      0x0001b8b5   Thumb Code     6  device_manager_peripheral.o(i.gattc_context_store)
    i.gatts_context_apply                    0x0001b8bc   Section        0  device_manager_peripheral.o(i.gatts_context_apply)
    gatts_context_apply                      0x0001b8bd   Thumb Code   222  device_manager_peripheral.o(i.gatts_context_apply)
    i.gatts_context_load                     0x0001b9b0   Section        0  device_manager_peripheral.o(i.gatts_context_load)
    gatts_context_load                       0x0001b9b1   Thumb Code    68  device_manager_peripheral.o(i.gatts_context_load)
    i.gatts_context_store                    0x0001b9f8   Section        0  device_manager_peripheral.o(i.gatts_context_store)
    gatts_context_store                      0x0001b9f9   Thumb Code   204  device_manager_peripheral.o(i.gatts_context_store)
    i.gattsc_context_apply                   0x0001bad4   Section        0  device_manager_peripheral.o(i.gattsc_context_apply)
    gattsc_context_apply                     0x0001bad5   Thumb Code    26  device_manager_peripheral.o(i.gattsc_context_apply)
    i.gattsc_context_load                    0x0001baee   Section        0  device_manager_peripheral.o(i.gattsc_context_load)
    gattsc_context_load                      0x0001baef   Thumb Code    30  device_manager_peripheral.o(i.gattsc_context_load)
    i.gattsc_context_store                   0x0001bb0c   Section        0  device_manager_peripheral.o(i.gattsc_context_store)
    gattsc_context_store                     0x0001bb0d   Thumb Code    30  device_manager_peripheral.o(i.gattsc_context_store)
    i.gpio_init                              0x0001bb2c   Section        0  main.o(i.gpio_init)
    gpio_init                                0x0001bb2d   Thumb Code    40  main.o(i.gpio_init)
    i.gpiote_event_handler                   0x0001bb58   Section        0  app_button.o(i.gpiote_event_handler)
    gpiote_event_handler                     0x0001bb59   Thumb Code   112  app_button.o(i.gpiote_event_handler)
    i.head_restore_state_run                 0x0001bbd8   Section        0  pstorage.o(i.head_restore_state_run)
    head_restore_state_run                   0x0001bbd9   Thumb Code    98  pstorage.o(i.head_restore_state_run)
    i.in_pin_handler                         0x0001bc48   Section        0  main.o(i.in_pin_handler)
    i.intern_softdevice_events_execute       0x0001bc64   Section        0  softdevice_handler.o(i.intern_softdevice_events_execute)
    i.is_conn_params_ok                      0x0001bd24   Section        0  ble_conn_params.o(i.is_conn_params_ok)
    is_conn_params_ok                        0x0001bd25   Thumb Code    30  ble_conn_params.o(i.is_conn_params_ok)
    i.is_disabled_in_debug_needed            0x0001bd48   Section        0  system_nrf51.o(i.is_disabled_in_debug_needed)
    is_disabled_in_debug_needed              0x0001bd49   Thumb Code    52  system_nrf51.o(i.is_disabled_in_debug_needed)
    i.is_manual_peripheral_setup_needed      0x0001bd80   Section        0  system_nrf51.o(i.is_manual_peripheral_setup_needed)
    is_manual_peripheral_setup_needed        0x0001bd81   Thumb Code   104  system_nrf51.o(i.is_manual_peripheral_setup_needed)
    i.is_page_erase_required                 0x0001bdec   Section        0  pstorage.o(i.is_page_erase_required)
    is_page_erase_required                   0x0001bded   Thumb Code    76  pstorage.o(i.is_page_erase_required)
    i.is_peripheral_domain_setup_needed      0x0001be44   Section        0  system_nrf51.o(i.is_peripheral_domain_setup_needed)
    is_peripheral_domain_setup_needed        0x0001be45   Thumb Code    78  system_nrf51.o(i.is_peripheral_domain_setup_needed)
    i.is_tail_data_page_swap_required        0x0001be98   Section        0  pstorage.o(i.is_tail_data_page_swap_required)
    is_tail_data_page_swap_required          0x0001be99   Thumb Code    68  pstorage.o(i.is_tail_data_page_swap_required)
    i.is_word_aligned                        0x0001bee8   Section        0  pstorage.o(i.is_word_aligned)
    is_word_aligned                          0x0001bee9   Thumb Code    18  pstorage.o(i.is_word_aligned)
    i.leds_timer_handler                     0x0001befc   Section        0  bsp.o(i.leds_timer_handler)
    leds_timer_handler                       0x0001befd   Thumb Code    26  bsp.o(i.leds_timer_handler)
    i.list_deletions_handler                 0x0001bf20   Section        0  app_timer.o(i.list_deletions_handler)
    list_deletions_handler                   0x0001bf21   Thumb Code   176  app_timer.o(i.list_deletions_handler)
    i.list_insertions_handler                0x0001bfe0   Section        0  app_timer.o(i.list_insertions_handler)
    list_insertions_handler                  0x0001bfe1   Thumb Code   276  app_timer.o(i.list_insertions_handler)
    i.main                                   0x0001c110   Section        0  main.o(i.main)
    i.main_state_err_busy_process            0x0001c22c   Section        0  pstorage.o(i.main_state_err_busy_process)
    main_state_err_busy_process              0x0001c22d   Thumb Code    24  pstorage.o(i.main_state_err_busy_process)
    i.manuf_specific_data_encode             0x0001c24c   Section        0  ble_advdata.o(i.manuf_specific_data_encode)
    manuf_specific_data_encode               0x0001c24d   Thumb Code   106  ble_advdata.o(i.manuf_specific_data_encode)
    i.name_encode                            0x0001c2b6   Section        0  ble_advdata.o(i.name_encode)
    name_encode                              0x0001c2b7   Thumb Code   150  ble_advdata.o(i.name_encode)
    i.no_service_context_apply               0x0001c34c   Section        0  device_manager_peripheral.o(i.no_service_context_apply)
    no_service_context_apply                 0x0001c34d   Thumb Code     6  device_manager_peripheral.o(i.no_service_context_apply)
    i.no_service_context_load                0x0001c352   Section        0  device_manager_peripheral.o(i.no_service_context_load)
    no_service_context_load                  0x0001c353   Thumb Code     6  device_manager_peripheral.o(i.no_service_context_load)
    i.no_service_context_store               0x0001c358   Section        0  device_manager_peripheral.o(i.no_service_context_store)
    no_service_context_store                 0x0001c359   Thumb Code     6  device_manager_peripheral.o(i.no_service_context_store)
    i.nrf_drv_common_irq_enable              0x0001c360   Section        0  nrf_drv_common.o(i.nrf_drv_common_irq_enable)
    i.nrf_drv_gpiote_in_event_enable         0x0001c3a0   Section        0  nrf_drv_gpiote.o(i.nrf_drv_gpiote_in_event_enable)
    i.nrf_drv_gpiote_in_init                 0x0001c468   Section        0  nrf_drv_gpiote.o(i.nrf_drv_gpiote_in_init)
    i.nrf_drv_gpiote_in_is_set               0x0001c55c   Section        0  nrf_drv_gpiote.o(i.nrf_drv_gpiote_in_is_set)
    i.nrf_drv_gpiote_init                    0x0001c57c   Section        0  nrf_drv_gpiote.o(i.nrf_drv_gpiote_init)
    i.nrf_drv_gpiote_is_init                 0x0001c5cc   Section        0  nrf_drv_gpiote.o(i.nrf_drv_gpiote_is_init)
    i.nrf_gpio_cfg_output                    0x0001c5e0   Section        0  main.o(i.nrf_gpio_cfg_output)
    nrf_gpio_cfg_output                      0x0001c5e1   Thumb Code    18  main.o(i.nrf_gpio_cfg_output)
    i.nrf_gpio_cfg_sense_set                 0x0001c5f2   Section        0  nrf_drv_gpiote.o(i.nrf_gpio_cfg_sense_set)
    nrf_gpio_cfg_sense_set                   0x0001c5f3   Thumb Code    70  nrf_drv_gpiote.o(i.nrf_gpio_cfg_sense_set)
    i.nrf_gpio_pin_clear                     0x0001c638   Section        0  main.o(i.nrf_gpio_pin_clear)
    nrf_gpio_pin_clear                       0x0001c639   Thumb Code    10  main.o(i.nrf_gpio_pin_clear)
    i.nrf_gpio_pin_set                       0x0001c648   Section        0  main.o(i.nrf_gpio_pin_set)
    nrf_gpio_pin_set                         0x0001c649   Thumb Code    10  main.o(i.nrf_gpio_pin_set)
    i.nrf_gpiote_event_addr_get              0x0001c658   Section        0  nrf_drv_gpiote.o(i.nrf_gpiote_event_addr_get)
    nrf_gpiote_event_addr_get                0x0001c659   Thumb Code     8  nrf_drv_gpiote.o(i.nrf_gpiote_event_addr_get)
    i.nrf_gpiote_event_clear                 0x0001c664   Section        0  nrf_drv_gpiote.o(i.nrf_gpiote_event_clear)
    nrf_gpiote_event_clear                   0x0001c665   Thumb Code    16  nrf_drv_gpiote.o(i.nrf_gpiote_event_clear)
    i.nrf_gpiote_event_is_set                0x0001c674   Section        0  nrf_drv_gpiote.o(i.nrf_gpiote_event_is_set)
    nrf_gpiote_event_is_set                  0x0001c675   Thumb Code    22  nrf_drv_gpiote.o(i.nrf_gpiote_event_is_set)
    i.nrf_gpiote_int_enable                  0x0001c68c   Section        0  nrf_drv_gpiote.o(i.nrf_gpiote_int_enable)
    nrf_gpiote_int_enable                    0x0001c68d   Thumb Code     6  nrf_drv_gpiote.o(i.nrf_gpiote_int_enable)
    i.on_adv_evt                             0x0001c698   Section        0  main.o(i.on_adv_evt)
    on_adv_evt                               0x0001c699   Thumb Code    60  main.o(i.on_adv_evt)
    i.on_ble_evt                             0x0001c6e4   Section        0  main.o(i.on_ble_evt)
    on_ble_evt                               0x0001c6e5   Thumb Code    74  main.o(i.on_ble_evt)
    i.on_ble_write                           0x0001c744   Section        0  bluecerist_service.o(i.on_ble_write)
    on_ble_write                             0x0001c745   Thumb Code   148  bluecerist_service.o(i.on_ble_write)
    i.on_conn_params_evt                     0x0001c7dc   Section        0  main.o(i.on_conn_params_evt)
    on_conn_params_evt                       0x0001c7dd   Thumb Code    48  main.o(i.on_conn_params_evt)
    i.on_conn_params_update                  0x0001c820   Section        0  ble_conn_params.o(i.on_conn_params_update)
    on_conn_params_update                    0x0001c821   Thumb Code    20  ble_conn_params.o(i.on_conn_params_update)
    i.on_connect                             0x0001c838   Section        0  ble_conn_params.o(i.on_connect)
    on_connect                               0x0001c839   Thumb Code    42  ble_conn_params.o(i.on_connect)
    i.on_cts_high                            0x0001c874   Section        0  app_uart.o(i.on_cts_high)
    on_cts_high                              0x0001c875   Thumb Code    36  app_uart.o(i.on_cts_high)
    i.on_cts_low                             0x0001c89c   Section        0  app_uart.o(i.on_cts_low)
    on_cts_low                               0x0001c89d   Thumb Code    46  app_uart.o(i.on_cts_low)
    i.on_disconnect                          0x0001c8d8   Section        0  ble_conn_params.o(i.on_disconnect)
    on_disconnect                            0x0001c8d9   Thumb Code    50  ble_conn_params.o(i.on_disconnect)
    i.on_tx_ready                            0x0001c91c   Section        0  app_uart.o(i.on_tx_ready)
    on_tx_ready                              0x0001c91d   Thumb Code    38  app_uart.o(i.on_tx_ready)
    i.on_uart_close                          0x0001c948   Section        0  app_uart.o(i.on_uart_close)
    on_uart_close                            0x0001c949   Thumb Code     8  app_uart.o(i.on_uart_close)
    i.on_uart_event                          0x0001c950   Section        0  app_uart.o(i.on_uart_event)
    on_uart_event                            0x0001c951   Thumb Code    54  app_uart.o(i.on_uart_event)
    i.on_uart_put                            0x0001c988   Section        0  app_uart.o(i.on_uart_put)
    on_uart_put                              0x0001c989   Thumb Code    16  app_uart.o(i.on_uart_put)
    i.on_write                               0x0001c99c   Section        0  ble_conn_params.o(i.on_write)
    on_write                                 0x0001c99d   Thumb Code    84  ble_conn_params.o(i.on_write)
    i.our_char_add                           0x0001c9f8   Section        0  bluecerist_service.o(i.our_char_add)
    our_char_add                             0x0001c9f9   Thumb Code   338  bluecerist_service.o(i.our_char_add)
    i.our_service_init                       0x0001cb7c   Section        0  bluecerist_service.o(i.our_service_init)
    i.peer_address_exists                    0x0001cc0c   Section        0  ble_advertising.o(i.peer_address_exists)
    peer_address_exists                      0x0001cc0d   Thumb Code    26  ble_advertising.o(i.peer_address_exists)
    i.peer_instance_init                     0x0001cc28   Section        0  device_manager_peripheral.o(i.peer_instance_init)
    peer_instance_init                       0x0001cc29   Thumb Code    84  device_manager_peripheral.o(i.peer_instance_init)
    i.pin_in_use_by_gpiote                   0x0001cc84   Section        0  nrf_drv_gpiote.o(i.pin_in_use_by_gpiote)
    pin_in_use_by_gpiote                     0x0001cc85   Thumb Code    22  nrf_drv_gpiote.o(i.pin_in_use_by_gpiote)
    i.pin_in_use_by_port                     0x0001cca0   Section        0  nrf_drv_gpiote.o(i.pin_in_use_by_port)
    pin_in_use_by_port                       0x0001cca1   Thumb Code    18  nrf_drv_gpiote.o(i.pin_in_use_by_port)
    i.pin_in_use_by_te                       0x0001ccb8   Section        0  nrf_drv_gpiote.o(i.pin_in_use_by_te)
    pin_in_use_by_te                         0x0001ccb9   Thumb Code    26  nrf_drv_gpiote.o(i.pin_in_use_by_te)
    i.pin_in_use_clear                       0x0001ccd8   Section        0  nrf_drv_gpiote.o(i.pin_in_use_clear)
    pin_in_use_clear                         0x0001ccd9   Thumb Code    10  nrf_drv_gpiote.o(i.pin_in_use_clear)
    i.power_manage                           0x0001cce8   Section        0  main.o(i.power_manage)
    power_manage                             0x0001cce9   Thumb Code    34  main.o(i.power_manage)
    i.pstorage_access_status_get             0x0001cd1c   Section        0  pstorage.o(i.pstorage_access_status_get)
    i.pstorage_block_identifier_get          0x0001cd4c   Section        0  pstorage.o(i.pstorage_block_identifier_get)
    i.pstorage_clear                         0x0001cdf0   Section        0  pstorage.o(i.pstorage_clear)
    i.pstorage_flash_page_end                0x0001cf08   Section        0  pstorage.o(i.pstorage_flash_page_end)
    pstorage_flash_page_end                  0x0001cf09   Thumb Code    36  pstorage.o(i.pstorage_flash_page_end)
    i.pstorage_flash_page_size               0x0001cf30   Section        0  pstorage.o(i.pstorage_flash_page_size)
    pstorage_flash_page_size                 0x0001cf31   Thumb Code    10  pstorage.o(i.pstorage_flash_page_size)
    i.pstorage_init                          0x0001cf3c   Section        0  pstorage.o(i.pstorage_init)
    i.pstorage_load                          0x0001cfc4   Section        0  pstorage.o(i.pstorage_load)
    i.pstorage_register                      0x0001d0c0   Section        0  pstorage.o(i.pstorage_register)
    i.pstorage_store                         0x0001d1d8   Section        0  pstorage.o(i.pstorage_store)
    i.pstorage_sys_event_handler             0x0001d2b8   Section        0  pstorage.o(i.pstorage_sys_event_handler)
    i.pstorage_update                        0x0001d304   Section        0  pstorage.o(i.pstorage_update)
    i.returnei                               0x0001d3e4   Section        0  bluecerist_service.o(i.returnei)
    i.rtc1_counter_get                       0x0001d3f0   Section        0  app_timer.o(i.rtc1_counter_get)
    rtc1_counter_get                         0x0001d3f1   Thumb Code     6  app_timer.o(i.rtc1_counter_get)
    i.rtc1_init                              0x0001d3fc   Section        0  app_timer.o(i.rtc1_init)
    rtc1_init                                0x0001d3fd   Thumb Code    18  app_timer.o(i.rtc1_init)
    i.rtc1_start                             0x0001d414   Section        0  app_timer.o(i.rtc1_start)
    rtc1_start                               0x0001d415   Thumb Code    48  app_timer.o(i.rtc1_start)
    i.rtc1_stop                              0x0001d450   Section        0  app_timer.o(i.rtc1_stop)
    rtc1_stop                                0x0001d451   Thumb Code   106  app_timer.o(i.rtc1_stop)
    i.service_data_encode                    0x0001d4d0   Section        0  ble_advdata.o(i.service_data_encode)
    service_data_encode                      0x0001d4d1   Thumb Code   140  ble_advdata.o(i.service_data_encode)
    i.services_init                          0x0001d55c   Section        0  main.o(i.services_init)
    services_init                            0x0001d55d   Thumb Code    10  main.o(i.services_init)
    i.setvalue                               0x0001d56c   Section        0  bluecerist_service.o(i.setvalue)
    i.sleep_mode_enter                       0x0001d578   Section        0  main.o(i.sleep_mode_enter)
    sleep_mode_enter                         0x0001d579   Thumb Code   100  main.o(i.sleep_mode_enter)
    i.sm_state_change                        0x0001d5ec   Section        0  pstorage.o(i.sm_state_change)
    sm_state_change                          0x0001d5ed   Thumb Code    14  pstorage.o(i.sm_state_change)
    i.softdevice_assertion_handler           0x0001d600   Section        0  softdevice_handler.o(i.softdevice_assertion_handler)
    i.softdevice_ble_evt_handler_set         0x0001d614   Section        0  softdevice_handler.o(i.softdevice_ble_evt_handler_set)
    i.softdevice_handler_init                0x0001d62c   Section        0  softdevice_handler.o(i.softdevice_handler_init)
    i.softdevice_sys_evt_handler_set         0x0001d694   Section        0  softdevice_handler.o(i.softdevice_sys_evt_handler_set)
    i.srdata_check                           0x0001d6ac   Section        0  ble_advdata.o(i.srdata_check)
    srdata_check                             0x0001d6ad   Thumb Code    16  ble_advdata.o(i.srdata_check)
    i.start_timer                            0x0001d6bc   Section        0  main.o(i.start_timer)
    i.startup_event_extract                  0x0001d710   Section        0  bsp_btn_ble.o(i.startup_event_extract)
    startup_event_extract                    0x0001d711   Thumb Code    84  bsp_btn_ble.o(i.startup_event_extract)
    i.state_data_erase_entry_run             0x0001d764   Section        0  pstorage.o(i.state_data_erase_entry_run)
    state_data_erase_entry_run               0x0001d765   Thumb Code    12  pstorage.o(i.state_data_erase_entry_run)
    i.state_data_erase_swap_entry_run        0x0001d774   Section        0  pstorage.o(i.state_data_erase_swap_entry_run)
    state_data_erase_swap_entry_run          0x0001d775   Thumb Code   136  pstorage.o(i.state_data_erase_swap_entry_run)
    i.state_entry_action_run                 0x0001d80c   Section        0  pstorage.o(i.state_entry_action_run)
    state_entry_action_run                   0x0001d80d   Thumb Code    54  pstorage.o(i.state_entry_action_run)
    i.state_erase_data_page_entry_run        0x0001d848   Section        0  pstorage.o(i.state_erase_data_page_entry_run)
    state_erase_data_page_entry_run          0x0001d849   Thumb Code    12  pstorage.o(i.state_erase_data_page_entry_run)
    i.state_idle_entry_run                   0x0001d858   Section        0  pstorage.o(i.state_idle_entry_run)
    state_idle_entry_run                     0x0001d859   Thumb Code    18  pstorage.o(i.state_idle_entry_run)
    i.state_restore_head_entry_run           0x0001d874   Section        0  pstorage.o(i.state_restore_head_entry_run)
    state_restore_head_entry_run             0x0001d875   Thumb Code    44  pstorage.o(i.state_restore_head_entry_run)
    i.state_restore_tail_entry_run           0x0001d8a8   Section        0  pstorage.o(i.state_restore_tail_entry_run)
    state_restore_tail_entry_run             0x0001d8a9   Thumb Code    76  pstorage.o(i.state_restore_tail_entry_run)
    i.state_store_entry_run                  0x0001d8fc   Section        0  pstorage.o(i.state_store_entry_run)
    state_store_entry_run                    0x0001d8fd   Thumb Code     8  pstorage.o(i.state_store_entry_run)
    i.state_swap_erase_entry_run             0x0001d904   Section        0  pstorage.o(i.state_swap_erase_entry_run)
    state_swap_erase_entry_run               0x0001d905   Thumb Code    38  pstorage.o(i.state_swap_erase_entry_run)
    i.state_write_data_swap_entry_run        0x0001d92c   Section        0  pstorage.o(i.state_write_data_swap_entry_run)
    state_write_data_swap_entry_run          0x0001d92d   Thumb Code    46  pstorage.o(i.state_write_data_swap_entry_run)
    i.stop_timer                             0x0001d960   Section        0  main.o(i.stop_timer)
    i.storage_operation_dummy_handler        0x0001d9b4   Section        0  device_manager_peripheral.o(i.storage_operation_dummy_handler)
    storage_operation_dummy_handler          0x0001d9b5   Thumb Code     8  device_manager_peripheral.o(i.storage_operation_dummy_handler)
    i.store_cmd_flash_write_execute          0x0001d9bc   Section        0  pstorage.o(i.store_cmd_flash_write_execute)
    store_cmd_flash_write_execute            0x0001d9bd   Thumb Code    92  pstorage.o(i.store_cmd_flash_write_execute)
    i.store_operation_execute                0x0001da20   Section        0  pstorage.o(i.store_operation_execute)
    store_operation_execute                  0x0001da21   Thumb Code    10  pstorage.o(i.store_operation_execute)
    i.store_sub_state_sm_run                 0x0001da2c   Section        0  pstorage.o(i.store_sub_state_sm_run)
    store_sub_state_sm_run                   0x0001da2d   Thumb Code    62  pstorage.o(i.store_sub_state_sm_run)
    i.swap_erase_state_run                   0x0001da78   Section        0  pstorage.o(i.swap_erase_state_run)
    swap_erase_state_run                     0x0001da79   Thumb Code    28  pstorage.o(i.swap_erase_state_run)
    i.swap_sub_sm_exit_action_run            0x0001da98   Section        0  pstorage.o(i.swap_sub_sm_exit_action_run)
    swap_sub_sm_exit_action_run              0x0001da99   Thumb Code     8  pstorage.o(i.swap_sub_sm_exit_action_run)
    i.swap_sub_state_entry_action_run        0x0001daa0   Section        0  pstorage.o(i.swap_sub_state_entry_action_run)
    swap_sub_state_entry_action_run          0x0001daa1   Thumb Code    16  pstorage.o(i.swap_sub_state_entry_action_run)
    i.swap_sub_state_err_busy_process        0x0001dab8   Section        0  pstorage.o(i.swap_sub_state_err_busy_process)
    swap_sub_state_err_busy_process          0x0001dab9   Thumb Code    24  pstorage.o(i.swap_sub_state_err_busy_process)
    i.swap_sub_state_sm_run                  0x0001dad8   Section        0  pstorage.o(i.swap_sub_state_sm_run)
    swap_sub_state_sm_run                    0x0001dad9   Thumb Code    16  pstorage.o(i.swap_sub_state_sm_run)
    i.swap_sub_state_state_change            0x0001daf0   Section        0  pstorage.o(i.swap_sub_state_state_change)
    swap_sub_state_state_change              0x0001daf1   Thumb Code    14  pstorage.o(i.swap_sub_state_state_change)
    i.sys_evt_dispatch                       0x0001db04   Section        0  main.o(i.sys_evt_dispatch)
    sys_evt_dispatch                         0x0001db05   Thumb Code    18  main.o(i.sys_evt_dispatch)
    i.tail_restore_state_run                 0x0001db18   Section        0  pstorage.o(i.tail_restore_state_run)
    tail_restore_state_run                   0x0001db19   Thumb Code    26  pstorage.o(i.tail_restore_state_run)
    i.tail_word_size_calculate               0x0001db38   Section        0  pstorage.o(i.tail_word_size_calculate)
    tail_word_size_calculate                 0x0001db39   Thumb Code    84  pstorage.o(i.tail_word_size_calculate)
    i.ticks_diff_get                         0x0001db90   Section        0  app_timer.o(i.ticks_diff_get)
    ticks_diff_get                           0x0001db91   Thumb Code    10  app_timer.o(i.ticks_diff_get)
    i.timeout_handler_exec                   0x0001db9c   Section        0  app_timer.o(i.timeout_handler_exec)
    timeout_handler_exec                     0x0001db9d   Thumb Code    60  app_timer.o(i.timeout_handler_exec)
    i.timer_list_handler                     0x0001dc18   Section        0  app_timer.o(i.timer_list_handler)
    timer_list_handler                       0x0001dc19   Thumb Code    76  app_timer.o(i.timer_list_handler)
    i.timer_list_handler_sched               0x0001dc70   Section        0  app_timer.o(i.timer_list_handler_sched)
    timer_list_handler_sched                 0x0001dc71   Thumb Code    10  app_timer.o(i.timer_list_handler_sched)
    i.timer_list_insert                      0x0001dc7c   Section        0  app_timer.o(i.timer_list_insert)
    timer_list_insert                        0x0001dc7d   Thumb Code   212  app_timer.o(i.timer_list_insert)
    i.timer_list_remove                      0x0001dd58   Section        0  app_timer.o(i.timer_list_remove)
    timer_list_remove                        0x0001dd59   Thumb Code   184  app_timer.o(i.timer_list_remove)
    i.timer_start_op_schedule                0x0001de24   Section        0  app_timer.o(i.timer_start_op_schedule)
    timer_start_op_schedule                  0x0001de25   Thumb Code    80  app_timer.o(i.timer_start_op_schedule)
    i.timer_stop_op_schedule                 0x0001de78   Section        0  app_timer.o(i.timer_stop_op_schedule)
    timer_stop_op_schedule                   0x0001de79   Thumb Code    58  app_timer.o(i.timer_stop_op_schedule)
    i.timer_timeouts_check                   0x0001deb8   Section        0  app_timer.o(i.timer_timeouts_check)
    timer_timeouts_check                     0x0001deb9   Thumb Code   132  app_timer.o(i.timer_timeouts_check)
    i.timer_timeouts_check_sched             0x0001df54   Section        0  app_timer.o(i.timer_timeouts_check_sched)
    timer_timeouts_check_sched               0x0001df55   Thumb Code    10  app_timer.o(i.timer_timeouts_check_sched)
    i.timers_init                            0x0001df60   Section        0  main.o(i.timers_init)
    timers_init                              0x0001df61   Thumb Code    48  main.o(i.timers_init)
    i.tx_power_level_encode                  0x0001dfa4   Section        0  ble_advdata.o(i.tx_power_level_encode)
    tx_power_level_encode                    0x0001dfa5   Thumb Code    48  ble_advdata.o(i.tx_power_level_encode)
    i.uint16_encode                          0x0001dfd4   Section        0  ble_advdata.o(i.uint16_encode)
    uint16_encode                            0x0001dfd5   Thumb Code    18  ble_advdata.o(i.uint16_encode)
    i.update_operation_execute               0x0001dfe6   Section        0  pstorage.o(i.update_operation_execute)
    update_operation_execute                 0x0001dfe7   Thumb Code     8  pstorage.o(i.update_operation_execute)
    i.update_status_bit_reset                0x0001dff0   Section        0  device_manager_peripheral.o(i.update_status_bit_reset)
    update_status_bit_reset                  0x0001dff1   Thumb Code    16  device_manager_peripheral.o(i.update_status_bit_reset)
    i.update_timeout_handler                 0x0001e004   Section        0  ble_conn_params.o(i.update_timeout_handler)
    update_timeout_handler                   0x0001e005   Thumb Code   136  ble_conn_params.o(i.update_timeout_handler)
    i.user_id_get                            0x0001e0a0   Section        0  app_timer.o(i.user_id_get)
    user_id_get                              0x0001e0a1   Thumb Code    34  app_timer.o(i.user_id_get)
    i.user_op_alloc                          0x0001e0c2   Section        0  app_timer.o(i.user_op_alloc)
    user_op_alloc                            0x0001e0c3   Thumb Code    44  app_timer.o(i.user_op_alloc)
    i.user_op_enque                          0x0001e0ee   Section        0  app_timer.o(i.user_op_enque)
    user_op_enque                            0x0001e0ef   Thumb Code     4  app_timer.o(i.user_op_enque)
    i.uuid_list_encode                       0x0001e0f2   Section        0  ble_advdata.o(i.uuid_list_encode)
    uuid_list_encode                         0x0001e0f3   Thumb Code    64  ble_advdata.o(i.uuid_list_encode)
    i.uuid_list_sized_encode                 0x0001e132   Section        0  ble_advdata.o(i.uuid_list_sized_encode)
    uuid_list_sized_encode                   0x0001e133   Thumb Code   196  ble_advdata.o(i.uuid_list_sized_encode)
    i.whitelist_has_entries                  0x0001e1f6   Section        0  ble_advertising.o(i.whitelist_has_entries)
    whitelist_has_entries                    0x0001e1f7   Thumb Code    22  ble_advertising.o(i.whitelist_has_entries)
    .constdata                               0x0001e20c   Section       32  bluecerist_service.o(.constdata)
    .constdata                               0x0001e22c   Section       24  bsp.o(.constdata)
    m_buttons_list                           0x0001e22c   Data           8  bsp.o(.constdata)
    app_buttons                              0x0001e234   Data          16  bsp.o(.constdata)
    .constdata                               0x0001e244   Section       52  device_manager_peripheral.o(.constdata)
    .constdata                               0x0001e278   Section       40  pstorage.o(.constdata)
    swap_sub_state_sm_lut                    0x0001e278   Data          20  pstorage.o(.constdata)
    swap_sub_state_sm_lut                    0x0001e28c   Data          20  pstorage.o(.constdata)
    .constdata                               0x0001e2a0   Section        4  app_button.o(.constdata)
    .conststring                             0x0001e2a4   Section       76  device_manager_peripheral.o(.conststring)
    .conststring                             0x0001e2f0   Section       87  softdevice_handler.o(.conststring)
    .data                                    0x20002000   Section       33  main.o(.data)
    m_app_handle                             0x20002000   Data           1  main.o(.data)
    m_conn_handle                            0x20002002   Data           2  main.o(.data)
    m_adv_uuids                              0x20002008   Data           4  main.o(.data)
    .data                                    0x20002024   Section        4  bluecerist_service.o(.data)
    .data                                    0x20002028   Section       39  bsp.o(.data)
    m_stable_state                           0x20002028   Data           1  bsp.o(.data)
    m_app_ticks_per_100ms                    0x2000202c   Data           4  bsp.o(.data)
    m_indication_type                        0x20002030   Data           4  bsp.o(.data)
    m_leds_timer_id                          0x20002034   Data           4  bsp.o(.data)
    m_alert_timer_id                         0x20002038   Data           4  bsp.o(.data)
    m_registered_callback                    0x2000203c   Data           4  bsp.o(.data)
    m_events_list                            0x20002040   Data           6  bsp.o(.data)
    m_button_timer_id                        0x20002048   Data           4  bsp.o(.data)
    current_long_push_pin_no                 0x2000204c   Data           1  bsp.o(.data)
    release_event_at_push                    0x2000204d   Data           2  bsp.o(.data)
    .data                                    0x20002050   Section        8  bsp_btn_ble.o(.data)
    m_error_handler                          0x20002050   Data           4  bsp_btn_ble.o(.data)
    m_num_connections                        0x20002054   Data           4  bsp_btn_ble.o(.data)
    .data                                    0x20002058   Section       32  ble_advertising.o(.data)
    m_advertising_start_pending              0x20002058   Data           1  ble_advertising.o(.data)
    m_peer_address                           0x20002059   Data           7  ble_advertising.o(.data)
    m_adv_evt                                0x20002060   Data           1  ble_advertising.o(.data)
    m_evt_handler                            0x20002064   Data           4  ble_advertising.o(.data)
    m_error_handler                          0x20002068   Data           4  ble_advertising.o(.data)
    m_adv_mode_current                       0x2000206c   Data           1  ble_advertising.o(.data)
    m_whitelist_temporarily_disabled         0x2000206d   Data           1  ble_advertising.o(.data)
    m_whitelist_reply_expected               0x2000206e   Data           1  ble_advertising.o(.data)
    m_peer_addr_reply_expected               0x2000206f   Data           1  ble_advertising.o(.data)
    m_slave_conn_int                         0x20002070   Data           4  ble_advertising.o(.data)
    m_tx_power_level                         0x20002074   Data           1  ble_advertising.o(.data)
    current_slave_link_conn_handle           0x20002076   Data           2  ble_advertising.o(.data)
    .data                                    0x20002078   Section       25  ble_conn_params.o(.data)
    m_preferred_conn_params                  0x20002078   Data           8  ble_conn_params.o(.data)
    m_update_count                           0x20002080   Data           1  ble_conn_params.o(.data)
    m_conn_handle                            0x20002082   Data           2  ble_conn_params.o(.data)
    m_current_conn_params                    0x20002084   Data           8  ble_conn_params.o(.data)
    m_conn_params_timer_id                   0x2000208c   Data           4  ble_conn_params.o(.data)
    m_change_param                           0x20002090   Data           1  ble_conn_params.o(.data)
    .data                                    0x20002094   Section       20  device_manager_peripheral.o(.data)
    m_storage_handle                         0x20002094   Data           8  device_manager_peripheral.o(.data)
    m_peer_addr_update                       0x2000209c   Data           4  device_manager_peripheral.o(.data)
    m_module_initialized                     0x200020a0   Data           1  device_manager_peripheral.o(.data)
    m_irk_index_table                        0x200020a1   Data           7  device_manager_peripheral.o(.data)
    .data                                    0x200020a8   Section       13  app_uart.o(.data)
    m_tx_byte                                0x200020a8   Data           1  app_uart.o(.data)
    m_rx_byte                                0x200020aa   Data           2  app_uart.o(.data)
    m_instance_counter                       0x200020ac   Data           1  app_uart.o(.data)
    m_event_handler                          0x200020b0   Data           4  app_uart.o(.data)
    m_current_state                          0x200020b4   Data           1  app_uart.o(.data)
    .data                                    0x200020b8   Section       40  pstorage.o(.data)
    m_next_app_instance                      0x200020b8   Data           2  pstorage.o(.data)
    m_next_page_addr                         0x200020bc   Data           4  pstorage.o(.data)
    m_state                                  0x200020c0   Data           1  pstorage.o(.data)
    m_swap_sub_state                         0x200020c1   Data           1  pstorage.o(.data)
    m_head_word_size                         0x200020c4   Data           4  pstorage.o(.data)
    m_tail_word_size                         0x200020c8   Data           4  pstorage.o(.data)
    m_current_page_id                        0x200020cc   Data           4  pstorage.o(.data)
    m_num_of_command_retries                 0x200020d0   Data           4  pstorage.o(.data)
    m_num_of_bytes_written                   0x200020d4   Data           4  pstorage.o(.data)
    m_app_data_size                          0x200020d8   Data           4  pstorage.o(.data)
    m_flags                                  0x200020dc   Data           4  pstorage.o(.data)
    .data                                    0x200020e0   Section       24  app_button.o(.data)
    mp_buttons                               0x200020e0   Data           4  app_button.o(.data)
    m_button_count                           0x200020e4   Data           1  app_button.o(.data)
    m_detection_delay                        0x200020e8   Data           4  app_button.o(.data)
    m_detection_delay_timer_id               0x200020ec   Data           4  app_button.o(.data)
    m_pin_state                              0x200020f0   Data           4  app_button.o(.data)
    m_pin_transition                         0x200020f4   Data           4  app_button.o(.data)
    .data                                    0x200020f8   Section       12  app_error.o(.data)
    .data                                    0x20002104   Section       42  app_timer.o(.data)
    m_node_array_size                        0x20002104   Data           1  app_timer.o(.data)
    mp_nodes                                 0x20002108   Data           4  app_timer.o(.data)
    m_user_array_size                        0x2000210c   Data           1  app_timer.o(.data)
    mp_users                                 0x20002110   Data           4  app_timer.o(.data)
    m_timer_id_head                          0x20002114   Data           4  app_timer.o(.data)
    m_ticks_latest                           0x20002118   Data           4  app_timer.o(.data)
    m_ticks_elapsed                          0x2000211c   Data           8  app_timer.o(.data)
    m_ticks_elapsed_q_read_ind               0x20002124   Data           1  app_timer.o(.data)
    m_ticks_elapsed_q_write_ind              0x20002125   Data           1  app_timer.o(.data)
    m_evt_schedule_func                      0x20002128   Data           4  app_timer.o(.data)
    m_rtc1_running                           0x2000212c   Data           1  app_timer.o(.data)
    m_rtc1_reset                             0x2000212d   Data           1  app_timer.o(.data)
    .data                                    0x20002130   Section       24  softdevice_handler.o(.data)
    m_evt_schedule_func                      0x20002130   Data           4  softdevice_handler.o(.data)
    m_softdevice_enabled                     0x20002134   Data           1  softdevice_handler.o(.data)
    mp_ble_evt_buffer                        0x20002138   Data           4  softdevice_handler.o(.data)
    m_ble_evt_buffer_size                    0x2000213c   Data           2  softdevice_handler.o(.data)
    m_ble_evt_handler                        0x20002140   Data           4  softdevice_handler.o(.data)
    m_sys_evt_handler                        0x20002144   Data           4  softdevice_handler.o(.data)
    .data                                    0x20002148   Section        4  system_nrf51.o(.data)
    __tagsym$$used                           0x20002148   Number         0  system_nrf51.o(.data)
    .bss                                     0x2000214c   Section      900  main.o(.bss)
    APP_TIMER_BUF                            0x20002158   Data         816  main.o(.bss)
    BLE_EVT_BUFFER                           0x20002488   Data          72  main.o(.bss)
    .bss                                     0x200024d0   Section      251  ble_advertising.o(.bss)
    m_advdata                                0x200024d0   Data          48  ble_advertising.o(.bss)
    m_adv_modes_config                       0x20002500   Data          36  ble_advertising.o(.bss)
    m_whitelist                              0x20002524   Data          16  ble_advertising.o(.bss)
    mp_whitelist_addr                        0x20002534   Data          32  ble_advertising.o(.bss)
    mp_whitelist_irk                         0x20002554   Data          32  ble_advertising.o(.bss)
    m_manuf_specific_data                    0x20002574   Data          12  ble_advertising.o(.bss)
    m_manuf_data_array                       0x20002580   Data          31  ble_advertising.o(.bss)
    m_service_data                           0x200025a0   Data          12  ble_advertising.o(.bss)
    m_service_data_array                     0x200025ac   Data          31  ble_advertising.o(.bss)
    .bss                                     0x200025cc   Section       28  ble_conn_params.o(.bss)
    m_conn_params_config                     0x200025cc   Data          28  ble_conn_params.o(.bss)
    .bss                                     0x200025e8   Section      335  device_manager_peripheral.o(.bss)
    m_app_context_table                      0x200025e8   Data          28  device_manager_peripheral.o(.bss)
    m_peer_table                             0x20002604   Data         196  device_manager_peripheral.o(.bss)
    m_bond_table                             0x200026c8   Data          28  device_manager_peripheral.o(.bss)
    m_gatts_table                            0x200026e4   Data          36  device_manager_peripheral.o(.bss)
    m_connection_table                       0x20002708   Data          12  device_manager_peripheral.o(.bss)
    m_application_table                      0x20002714   Data          12  device_manager_peripheral.o(.bss)
    m_local_id_info                          0x20002720   Data          23  device_manager_peripheral.o(.bss)
    .bss                                     0x20002738   Section       76  nrf_drv_gpiote.o(.bss)
    m_cb                                     0x20002738   Data          76  nrf_drv_gpiote.o(.bss)
    .bss                                     0x20002784   Section      228  pstorage.o(.bss)
    m_cmd_queue                              0x20002784   Data         204  pstorage.o(.bss)
    m_app_table                              0x20002850   Data          24  pstorage.o(.bss)
    STACK                                    0x20002868   Section     2048  arm_startup_nrf51.o(STACK)

    Global Symbols

    Symbol Name                              Value     Ov Type        Size  Object(Section)

    BuildAttributes$$THM_ISAv3M$S$PE$A:L22$X:L11$S22$IEEE1$IW$USESV6$~STKCKD$USESV7$~SHL$OSPACE$ROPI$EBA8$MICROLIB$REQ8$PRES8$EABIv2 0x00000000   Number         0  anon$$obj.o ABSOLUTE
    __ARM_use_no_argv                        0x00000000   Number         0  main.o ABSOLUTE
    __cpp_initialize__aeabi_                  - Undefined Weak Reference
    __cxa_finalize                            - Undefined Weak Reference
    _clock_init                               - Undefined Weak Reference
    _microlib_exit                            - Undefined Weak Reference
    __Vectors_Size                           0x000000c0   Number         0  arm_startup_nrf51.o ABSOLUTE
    __Vectors                                0x00018000   Data           4  arm_startup_nrf51.o(RESET)
    __Vectors_End                            0x000180c0   Data           0  arm_startup_nrf51.o(RESET)
    __main                                   0x000180c1   Thumb Code     0  entry.o(.ARM.Collect$$$$00000000)
    _main_stk                                0x000180c1   Thumb Code     0  entry2.o(.ARM.Collect$$$$00000001)
    _main_scatterload                        0x000180c5   Thumb Code     0  entry5.o(.ARM.Collect$$$$00000004)
    __main_after_scatterload                 0x000180c9   Thumb Code     0  entry5.o(.ARM.Collect$$$$00000004)
    _main_clock                              0x000180c9   Thumb Code     0  entry7b.o(.ARM.Collect$$$$00000008)
    _main_cpp_init                           0x000180c9   Thumb Code     0  entry8b.o(.ARM.Collect$$$$0000000A)
    _main_init                               0x000180c9   Thumb Code     0  entry9a.o(.ARM.Collect$$$$0000000B)
    __rt_final_cpp                           0x000180d1   Thumb Code     0  entry10a.o(.ARM.Collect$$$$0000000D)
    __rt_final_exit                          0x000180d1   Thumb Code     0  entry11a.o(.ARM.Collect$$$$0000000F)
    __asm___11_app_timer_c_cd27f9c3__nrf_delay_us 0x000180d5   Thumb Code    30  app_timer.o(.emb_text)
    Reset_Handler                            0x000180f5   Thumb Code    26  arm_startup_nrf51.o(.text)
    NMI_Handler                              0x0001810f   Thumb Code     2  arm_startup_nrf51.o(.text)
    HardFault_Handler                        0x00018111   Thumb Code     2  arm_startup_nrf51.o(.text)
    SVC_Handler                              0x00018113   Thumb Code     2  arm_startup_nrf51.o(.text)
    PendSV_Handler                           0x00018115   Thumb Code     2  arm_startup_nrf51.o(.text)
    SysTick_Handler                          0x00018117   Thumb Code     2  arm_startup_nrf51.o(.text)
    ADC_IRQHandler                           0x00018119   Thumb Code     0  arm_startup_nrf51.o(.text)
    CCM_AAR_IRQHandler                       0x00018119   Thumb Code     0  arm_startup_nrf51.o(.text)
    ECB_IRQHandler                           0x00018119   Thumb Code     0  arm_startup_nrf51.o(.text)
    LPCOMP_IRQHandler                        0x00018119   Thumb Code     0  arm_startup_nrf51.o(.text)
    POWER_CLOCK_IRQHandler                   0x00018119   Thumb Code     0  arm_startup_nrf51.o(.text)
    QDEC_IRQHandler                          0x00018119   Thumb Code     0  arm_startup_nrf51.o(.text)
    RADIO_IRQHandler                         0x00018119   Thumb Code     0  arm_startup_nrf51.o(.text)
    RNG_IRQHandler                           0x00018119   Thumb Code     0  arm_startup_nrf51.o(.text)
    RTC0_IRQHandler                          0x00018119   Thumb Code     0  arm_startup_nrf51.o(.text)
    SPI0_TWI0_IRQHandler                     0x00018119   Thumb Code     0  arm_startup_nrf51.o(.text)
    SPI1_TWI1_IRQHandler                     0x00018119   Thumb Code     0  arm_startup_nrf51.o(.text)
    SWI1_IRQHandler                          0x00018119   Thumb Code     0  arm_startup_nrf51.o(.text)
    SWI3_IRQHandler                          0x00018119   Thumb Code     0  arm_startup_nrf51.o(.text)
    SWI4_IRQHandler                          0x00018119   Thumb Code     0  arm_startup_nrf51.o(.text)
    SWI5_IRQHandler                          0x00018119   Thumb Code     0  arm_startup_nrf51.o(.text)
    TEMP_IRQHandler                          0x00018119   Thumb Code     0  arm_startup_nrf51.o(.text)
    TIMER0_IRQHandler                        0x00018119   Thumb Code     0  arm_startup_nrf51.o(.text)
    TIMER1_IRQHandler                        0x00018119   Thumb Code     0  arm_startup_nrf51.o(.text)
    WDT_IRQHandler                           0x00018119   Thumb Code     0  arm_startup_nrf51.o(.text)
    __aeabi_uidiv                            0x0001812d   Thumb Code     0  uidiv.o(.text)
    __aeabi_uidivmod                         0x0001812d   Thumb Code    44  uidiv.o(.text)
    __aeabi_idiv                             0x00018159   Thumb Code     0  idiv.o(.text)
    __aeabi_idivmod                          0x00018159   Thumb Code    40  idiv.o(.text)
    __aeabi_memcpy                           0x00018181   Thumb Code    36  memcpya.o(.text)
    __aeabi_memcpy4                          0x00018181   Thumb Code     0  memcpya.o(.text)
    __aeabi_memcpy8                          0x00018181   Thumb Code     0  memcpya.o(.text)
    __aeabi_memset                           0x000181a5   Thumb Code    14  memseta.o(.text)
    __aeabi_memset4                          0x000181a5   Thumb Code     0  memseta.o(.text)
    __aeabi_memset8                          0x000181a5   Thumb Code     0  memseta.o(.text)
    __aeabi_memclr                           0x000181b3   Thumb Code     4  memseta.o(.text)
    __aeabi_memclr4                          0x000181b3   Thumb Code     0  memseta.o(.text)
    __aeabi_memclr8                          0x000181b3   Thumb Code     0  memseta.o(.text)
    _memset$wrapper                          0x000181b7   Thumb Code    18  memseta.o(.text)
    memcmp                                   0x000181c9   Thumb Code    26  memcmp.o(.text)
    __scatterload                            0x000181e5   Thumb Code    28  init.o(.text)
    __scatterload_rt2                        0x000181e5   Thumb Code     0  init.o(.text)
    __decompress                             0x00018209   Thumb Code     0  __dczerorl.o(.text)
    __decompress0                            0x00018209   Thumb Code    58  __dczerorl.o(.text)
    GPIOTE_IRQHandler                        0x00018245   Thumb Code   378  nrf_drv_gpiote.o(i.GPIOTE_IRQHandler)
    RTC1_IRQHandler                          0x000183d1   Thumb Code    34  app_timer.o(i.RTC1_IRQHandler)
    SWI0_IRQHandler                          0x000183f9   Thumb Code     8  app_timer.o(i.SWI0_IRQHandler)
    SWI2_IRQHandler                          0x00018401   Thumb Code    52  softdevice_handler.o(i.SWI2_IRQHandler)
    SystemInit                               0x0001843d   Thumb Code    76  system_nrf51.o(i.SystemInit)
    TIMER2_IRQHandler                        0x000184a1   Thumb Code   172  main.o(i.TIMER2_IRQHandler)
    UART0_IRQHandler                         0x00018569   Thumb Code   148  app_uart.o(i.UART0_IRQHandler)
    __ARM_common_switch8                     0x00018611   Thumb Code    28  bsp.o(i.__ARM_common_switch8)
    __scatterload_copy                       0x0001877d   Thumb Code    14  handlers.o(i.__scatterload_copy)
    __scatterload_null                       0x0001878b   Thumb Code     2  handlers.o(i.__scatterload_null)
    __scatterload_zeroinit                   0x0001878d   Thumb Code    14  handlers.o(i.__scatterload_zeroinit)
    action_tx_stop                           0x000187d5   Thumb Code    28  app_uart.o(i.action_tx_stop)
    app_button_enable                        0x00018a71   Thumb Code    34  app_button.o(i.app_button_enable)
    app_button_init                          0x00018a9d   Thumb Code   128  app_button.o(i.app_button_init)
    app_error_handler                        0x00018b41   Thumb Code    48  app_error.o(i.app_error_handler)
    app_timer_create                         0x00018bed   Thumb Code   108  app_timer.o(i.app_timer_create)
    app_timer_init                           0x00018c61   Thumb Code   204  app_timer.o(i.app_timer_init)
    app_timer_start                          0x00018d51   Thumb Code    98  app_timer.o(i.app_timer_start)
    app_timer_stop                           0x00018dbd   Thumb Code    60  app_timer.o(i.app_timer_stop)
    ble_advdata_set                          0x00018e4d   Thumb Code   122  ble_advdata.o(i.ble_advdata_set)
    ble_advertising_init                     0x00018ec9   Thumb Code   316  ble_advertising.o(i.ble_advertising_init)
    ble_advertising_on_ble_evt               0x0001903d   Thumb Code   236  ble_advertising.o(i.ble_advertising_on_ble_evt)
    ble_advertising_on_sys_evt               0x00019141   Thumb Code    70  ble_advertising.o(i.ble_advertising_on_sys_evt)
    ble_advertising_restart_without_whitelist 0x000191a5   Thumb Code    78  ble_advertising.o(i.ble_advertising_restart_without_whitelist)
    ble_advertising_start                    0x00019205   Thumb Code   654  ble_advertising.o(i.ble_advertising_start)
    ble_conn_params_init                     0x000194c1   Thumb Code    90  ble_conn_params.o(i.ble_conn_params_init)
    ble_conn_params_on_ble_evt               0x00019539   Thumb Code    62  ble_conn_params.o(i.ble_conn_params_on_ble_evt)
    ble_our_service_on_ble_evt               0x000195a9   Thumb Code    50  bluecerist_service.o(i.ble_our_service_on_ble_evt)
    bond_data_load                           0x00019699   Thumb Code    62  device_manager_peripheral.o(i.bond_data_load)
    bsp_btn_ble_init                         0x000196e9   Thumb Code    54  bsp_btn_ble.o(i.bsp_btn_ble_init)
    bsp_btn_ble_on_ble_evt                   0x00019729   Thumb Code   122  bsp_btn_ble.o(i.bsp_btn_ble_on_ble_evt)
    bsp_btn_ble_sleep_mode_prepare           0x000197ad   Thumb Code    30  bsp_btn_ble.o(i.bsp_btn_ble_sleep_mode_prepare)
    bsp_button_is_pressed                    0x000198a5   Thumb Code    48  bsp.o(i.bsp_button_is_pressed)
    bsp_event_handler                        0x000198dd   Thumb Code   108  main.o(i.bsp_event_handler)
    bsp_event_to_button_action_assign        0x0001995d   Thumb Code    88  bsp.o(i.bsp_event_to_button_action_assign)
    bsp_indication_set                       0x000199b9   Thumb Code    30  bsp.o(i.bsp_indication_set)
    bsp_init                                 0x000199dd   Thumb Code   162  bsp.o(i.bsp_init)
    bsp_wakeup_buttons_set                   0x00019f85   Thumb Code    84  bsp.o(i.bsp_wakeup_buttons_set)
    dm_ble_evt_handler                       0x0001abc9   Thumb Code  1570  device_manager_peripheral.o(i.dm_ble_evt_handler)
    dm_handle_initialize                     0x0001b209   Thumb Code    24  device_manager_peripheral.o(i.dm_handle_initialize)
    dm_init                                  0x0001b225   Thumb Code   230  device_manager_peripheral.o(i.dm_init)
    dm_register                              0x0001b579   Thumb Code   176  device_manager_peripheral.o(i.dm_register)
    in_pin_handler                           0x0001bc49   Thumb Code    24  main.o(i.in_pin_handler)
    intern_softdevice_events_execute         0x0001bc65   Thumb Code   168  softdevice_handler.o(i.intern_softdevice_events_execute)
    main                                     0x0001c111   Thumb Code   238  main.o(i.main)
    nrf_drv_common_irq_enable                0x0001c361   Thumb Code    56  nrf_drv_common.o(i.nrf_drv_common_irq_enable)
    nrf_drv_gpiote_in_event_enable           0x0001c3a1   Thumb Code   186  nrf_drv_gpiote.o(i.nrf_drv_gpiote_in_event_enable)
    nrf_drv_gpiote_in_init                   0x0001c469   Thumb Code   226  nrf_drv_gpiote.o(i.nrf_drv_gpiote_in_init)
    nrf_drv_gpiote_in_is_set                 0x0001c55d   Thumb Code    26  nrf_drv_gpiote.o(i.nrf_drv_gpiote_in_is_set)
    nrf_drv_gpiote_init                      0x0001c57d   Thumb Code    76  nrf_drv_gpiote.o(i.nrf_drv_gpiote_init)
    nrf_drv_gpiote_is_init                   0x0001c5cd   Thumb Code    16  nrf_drv_gpiote.o(i.nrf_drv_gpiote_is_init)
    our_service_init                         0x0001cb7d   Thumb Code   102  bluecerist_service.o(i.our_service_init)
    pstorage_access_status_get               0x0001cd1d   Thumb Code    40  pstorage.o(i.pstorage_access_status_get)
    pstorage_block_identifier_get            0x0001cd4d   Thumb Code   154  pstorage.o(i.pstorage_block_identifier_get)
    pstorage_clear                           0x0001cdf1   Thumb Code   270  pstorage.o(i.pstorage_clear)
    pstorage_init                            0x0001cf3d   Thumb Code   104  pstorage.o(i.pstorage_init)
    pstorage_load                            0x0001cfc5   Thumb Code   242  pstorage.o(i.pstorage_load)
    pstorage_register                        0x0001d0c1   Thumb Code   262  pstorage.o(i.pstorage_register)
    pstorage_store                           0x0001d1d9   Thumb Code   216  pstorage.o(i.pstorage_store)
    pstorage_sys_event_handler               0x0001d2b9   Thumb Code    66  pstorage.o(i.pstorage_sys_event_handler)
    pstorage_update                          0x0001d305   Thumb Code   216  pstorage.o(i.pstorage_update)
    returnei                                 0x0001d3e5   Thumb Code     6  bluecerist_service.o(i.returnei)
    setvalue                                 0x0001d56d   Thumb Code     6  bluecerist_service.o(i.setvalue)
    softdevice_assertion_handler             0x0001d601   Thumb Code    18  softdevice_handler.o(i.softdevice_assertion_handler)
    softdevice_ble_evt_handler_set           0x0001d615   Thumb Code    18  softdevice_handler.o(i.softdevice_ble_evt_handler_set)
    softdevice_handler_init                  0x0001d62d   Thumb Code    84  softdevice_handler.o(i.softdevice_handler_init)
    softdevice_sys_evt_handler_set           0x0001d695   Thumb Code    18  softdevice_handler.o(i.softdevice_sys_evt_handler_set)
    start_timer                              0x0001d6bd   Thumb Code    72  main.o(i.start_timer)
    stop_timer                               0x0001d961   Thumb Code    72  main.o(i.stop_timer)
    m_service_context_store                  0x0001e244   Data          16  device_manager_peripheral.o(.constdata)
    m_service_context_load                   0x0001e254   Data          16  device_manager_peripheral.o(.constdata)
    m_service_context_apply                  0x0001e264   Data          16  device_manager_peripheral.o(.constdata)
    m_context_init_len                       0x0001e274   Data           4  device_manager_peripheral.o(.constdata)
    Region$$Table$$Base                      0x0001e348   Number         0  anon$$obj.o(Region$$Table)
    Region$$Table$$Limit                     0x0001e368   Number         0  anon$$obj.o(Region$$Table)
    h                                        0x20002004   Data           4  main.o(.data)
    i                                        0x2000200c   Data           4  main.o(.data)
    ii                                       0x20002010   Data           4  main.o(.data)
    iii                                      0x20002014   Data           4  main.o(.data)
    j                                        0x20002018   Data           4  main.o(.data)
    time                                     0x2000201c   Data           4  main.o(.data)
    temoin                                   0x20002020   Data           1  main.o(.data)
    iiii                                     0x20002024   Data           4  bluecerist_service.o(.data)
    m_error_code                             0x200020f8   Data           4  app_error.o(.data)
    m_line_num                               0x200020fc   Data           4  app_error.o(.data)
    m_p_file_name                            0x20002100   Data           4  app_error.o(.data)
    SystemCoreClock                          0x20002148   Data           4  system_nrf51.o(.data)
    m_our_service                            0x2000214c   Data          12  main.o(.bss)
    __initial_sp                             0x20003068   Data           0  arm_startup_nrf51.o(STACK)



==============================================================================

Memory Map of the image

  Image Entry point : 0x000180c1

  Load Region LR_IROM1 (Base: 0x00018000, Size: 0x000064b4, Max: 0x00028000, ABSOLUTE, COMPRESSED[0x00006388])

    Execution Region ER_IROM1 (Base: 0x00018000, Size: 0x00006368, Max: 0x00028000, ABSOLUTE)

    Base Addr    Size         Type   Attr      Idx    E Section Name        Object

    0x00018000   0x000000c0   Data   RO         2552    RESET               arm_startup_nrf51.o
    0x000180c0   0x00000000   Code   RO         2604  * .ARM.Collect$$$$00000000  mc_p.l(entry.o)
    0x000180c0   0x00000004   Code   RO         2627    .ARM.Collect$$$$00000001  mc_p.l(entry2.o)
    0x000180c4   0x00000004   Code   RO         2630    .ARM.Collect$$$$00000004  mc_p.l(entry5.o)
    0x000180c8   0x00000000   Code   RO         2632    .ARM.Collect$$$$00000008  mc_p.l(entry7b.o)
    0x000180c8   0x00000000   Code   RO         2634    .ARM.Collect$$$$0000000A  mc_p.l(entry8b.o)
    0x000180c8   0x00000008   Code   RO         2635    .ARM.Collect$$$$0000000B  mc_p.l(entry9a.o)
    0x000180d0   0x00000000   Code   RO         2637    .ARM.Collect$$$$0000000D  mc_p.l(entry10a.o)
    0x000180d0   0x00000000   Code   RO         2639    .ARM.Collect$$$$0000000F  mc_p.l(entry11a.o)
    0x000180d0   0x00000004   Code   RO         2628    .ARM.Collect$$$$00002712  mc_p.l(entry2.o)
    0x000180d4   0x0000001e   Code   RO         2050    .emb_text           app_timer.o
    0x000180f2   0x00000002   PAD
    0x000180f4   0x00000038   Code   RO         2553    .text               arm_startup_nrf51.o
    0x0001812c   0x0000002c   Code   RO         2607    .text               mc_p.l(uidiv.o)
    0x00018158   0x00000028   Code   RO         2609    .text               mc_p.l(idiv.o)
    0x00018180   0x00000024   Code   RO         2611    .text               mc_p.l(memcpya.o)
    0x000181a4   0x00000024   Code   RO         2613    .text               mc_p.l(memseta.o)
    0x000181c8   0x0000001a   Code   RO         2617    .text               mc_p.l(memcmp.o)
    0x000181e2   0x00000002   PAD
    0x000181e4   0x00000024   Code   RO         2648    .text               mc_p.l(init.o)
    0x00018208   0x0000003a   Code   RO         2660    .text               mc_p.l(__dczerorl.o)
    0x00018242   0x00000002   PAD
    0x00018244   0x0000018c   Code   RO         1416    i.GPIOTE_IRQHandler  nrf_drv_gpiote.o
    0x000183d0   0x00000028   Code   RO         2051    i.RTC1_IRQHandler   app_timer.o
    0x000183f8   0x00000008   Code   RO         2052    i.SWI0_IRQHandler   app_timer.o
    0x00018400   0x0000003c   Code   RO         2328    i.SWI2_IRQHandler   softdevice_handler.o
    0x0001843c   0x00000064   Code   RO         2560    i.SystemInit        system_nrf51.o
    0x000184a0   0x000000c8   Code   RO            3    i.TIMER2_IRQHandler  main.o
    0x00018568   0x000000a8   Code   RO         1203    i.UART0_IRQHandler  app_uart.o
    0x00018610   0x0000001c   Code   RO          555    i.__ARM_common_switch8  bsp.o
    0x0001862c   0x00000018   Code   RO         2053    i.__NVIC_ClearPendingIRQ  app_timer.o
    0x00018644   0x00000018   Code   RO            4    i.__NVIC_EnableIRQ  main.o
    0x0001865c   0x00000018   Code   RO         2054    i.__NVIC_EnableIRQ  app_timer.o
    0x00018674   0x00000018   Code   RO         2055    i.__NVIC_SetPendingIRQ  app_timer.o
    0x0001868c   0x00000078   Code   RO         1385    i.__NVIC_SetPriority  nrf_drv_common.o
    0x00018704   0x00000078   Code   RO         2056    i.__NVIC_SetPriority  app_timer.o
    0x0001877c   0x0000000e   Code   RO         2654    i.__scatterload_copy  mc_p.l(handlers.o)
    0x0001878a   0x00000002   Code   RO         2655    i.__scatterload_null  mc_p.l(handlers.o)
    0x0001878c   0x0000000e   Code   RO         2656    i.__scatterload_zeroinit  mc_p.l(handlers.o)
    0x0001879a   0x00000008   Code   RO         1205    i.action_tx_ready   app_uart.o
    0x000187a2   0x00000002   PAD
    0x000187a4   0x00000030   Code   RO         1206    i.action_tx_send    app_uart.o
    0x000187d4   0x00000028   Code   RO         1207    i.action_tx_stop    app_uart.o
    0x000187fc   0x00000024   Code   RO         1208    i.action_uart_deactivate  app_uart.o
    0x00018820   0x00000136   Code   RO          637    i.adv_data_encode   ble_advdata.o
    0x00018956   0x00000014   Code   RO          638    i.advdata_check     ble_advdata.o
    0x0001896a   0x0000005a   Code   RO          587    i.advertising_buttons_configure  bsp_btn_ble.o
    0x000189c4   0x00000088   Code   RO            5    i.advertising_init  main.o
    0x00018a4c   0x00000024   Code   RO          464    i.alert_timer_handler  bsp.o
    0x00018a70   0x0000002c   Code   RO         1971    i.app_button_enable  app_button.o
    0x00018a9c   0x000000a4   Code   RO         1972    i.app_button_init   app_button.o
    0x00018b40   0x0000003c   Code   RO         2027    i.app_error_handler  app_error.o
    0x00018b7c   0x0000001c   Code   RO          930    i.app_evt_notify    device_manager_peripheral.o
    0x00018b98   0x00000030   Code   RO         1641    i.app_notify        pstorage.o
    0x00018bc8   0x00000024   Code   RO         1642    i.app_notify_error_state_transit  pstorage.o
    0x00018bec   0x00000074   Code   RO         2059    i.app_timer_create  app_timer.o
    0x00018c60   0x000000f0   Code   RO         2060    i.app_timer_init    app_timer.o
    0x00018d50   0x0000006c   Code   RO         2061    i.app_timer_start   app_timer.o
    0x00018dbc   0x00000044   Code   RO         2062    i.app_timer_stop    app_timer.o
    0x00018e00   0x0000004a   Code   RO          639    i.appearance_encode  ble_advdata.o
    0x00018e4a   0x00000002   Code   RO            6    i.application_timers_start  main.o
    0x00018e4c   0x0000007a   Code   RO          640    i.ble_advdata_set   ble_advdata.o
    0x00018ec6   0x00000002   PAD
    0x00018ec8   0x00000174   Code   RO          725    i.ble_advertising_init  ble_advertising.o
    0x0001903c   0x00000104   Code   RO          726    i.ble_advertising_on_ble_evt  ble_advertising.o
    0x00019140   0x00000054   Code   RO          727    i.ble_advertising_on_sys_evt  ble_advertising.o
    0x00019194   0x00000010   Code   RO          729    i.ble_advertising_peer_address_clear  ble_advertising.o
    0x000191a4   0x00000060   Code   RO          730    i.ble_advertising_restart_without_whitelist  ble_advertising.o
    0x00019204   0x000002bc   Code   RO          731    i.ble_advertising_start  ble_advertising.o
    0x000194c0   0x00000078   Code   RO          816    i.ble_conn_params_init  ble_conn_params.o
    0x00019538   0x0000003e   Code   RO          817    i.ble_conn_params_on_ble_evt  ble_conn_params.o
    0x00019576   0x00000002   PAD
    0x00019578   0x00000030   Code   RO            8    i.ble_evt_dispatch  main.o
    0x000195a8   0x00000032   Code   RO          373    i.ble_our_service_on_ble_evt  bluecerist_service.o
    0x000195da   0x00000002   PAD
    0x000195dc   0x000000bc   Code   RO            9    i.ble_stack_init    main.o
    0x00019698   0x00000050   Code   RO          931    i.bond_data_load    device_manager_peripheral.o
    0x000196e8   0x00000040   Code   RO          588    i.bsp_btn_ble_init  bsp_btn_ble.o
    0x00019728   0x00000084   Code   RO          589    i.bsp_btn_ble_on_ble_evt  bsp_btn_ble.o
    0x000197ac   0x0000001e   Code   RO          590    i.bsp_btn_ble_sleep_mode_prepare  bsp_btn_ble.o
    0x000197ca   0x00000002   PAD
    0x000197cc   0x000000d8   Code   RO          465    i.bsp_button_event_handler  bsp.o
    0x000198a4   0x00000038   Code   RO          466    i.bsp_button_is_pressed  bsp.o
    0x000198dc   0x00000080   Code   RO           10    i.bsp_event_handler  main.o
    0x0001995c   0x0000005c   Code   RO          470    i.bsp_event_to_button_action_assign  bsp.o
    0x000199b8   0x00000024   Code   RO          471    i.bsp_indication_set  bsp.o
    0x000199dc   0x000000d0   Code   RO          473    i.bsp_init          bsp.o
    0x00019aac   0x000004d8   Code   RO          474    i.bsp_led_indication  bsp.o
    0x00019f84   0x0000005c   Code   RO          475    i.bsp_wakeup_buttons_set  bsp.o
    0x00019fe0   0x0000000e   Code   RO          476    i.button_timer_handler  bsp.o
    0x00019fee   0x00000002   PAD
    0x00019ff0   0x00000080   Code   RO           11    i.buttons_leds_init  main.o
    0x0001a070   0x00000020   Code   RO         1417    i.channel_free      nrf_drv_gpiote.o
    0x0001a090   0x00000010   Code   RO         1418    i.channel_handler_get  nrf_drv_gpiote.o
    0x0001a0a0   0x00000078   Code   RO         1419    i.channel_port_alloc  nrf_drv_gpiote.o
    0x0001a118   0x0000000c   Code   RO         1420    i.channel_port_get  nrf_drv_gpiote.o
    0x0001a124   0x00000114   Code   RO         1643    i.clear_operation_execute  pstorage.o
    0x0001a238   0x00000028   Code   RO         1644    i.clear_post_processing_run  pstorage.o
    0x0001a260   0x00000048   Code   RO         1645    i.cmd_process       pstorage.o
    0x0001a2a8   0x00000014   Code   RO         1646    i.cmd_queue_dequeue  pstorage.o
    0x0001a2bc   0x0000003c   Code   RO         1647    i.cmd_queue_element_init  pstorage.o
    0x0001a2f8   0x00000084   Code   RO         1648    i.cmd_queue_enqueue  pstorage.o
    0x0001a37c   0x00000020   Code   RO         1649    i.cmd_queue_init    pstorage.o
    0x0001a39c   0x00000028   Code   RO         1650    i.command_end_procedure_run  pstorage.o
    0x0001a3c4   0x0000002c   Code   RO         1651    i.command_queue_element_consume  pstorage.o
    0x0001a3f0   0x00000090   Code   RO         2064    i.compare_reg_update  app_timer.o
    0x0001a480   0x0000005c   Code   RO          641    i.conn_int_check    ble_advdata.o
    0x0001a4dc   0x0000005c   Code   RO          642    i.conn_int_encode   ble_advdata.o
    0x0001a538   0x00000028   Code   RO           12    i.conn_params_error_handler  main.o
    0x0001a560   0x00000070   Code   RO           13    i.conn_params_init  main.o
    0x0001a5d0   0x00000094   Code   RO          819    i.conn_params_negotiation  ble_conn_params.o
    0x0001a664   0x0000005a   Code   RO          591    i.connection_buttons_configure  bsp_btn_ble.o
    0x0001a6be   0x00000002   PAD
    0x0001a6c0   0x00000048   Code   RO          932    i.connection_instance_find  device_manager_peripheral.o
    0x0001a708   0x00000038   Code   RO          933    i.connection_instance_init  device_manager_peripheral.o
    0x0001a740   0x0000005c   Code   RO         2065    i.current_int_priority_get  app_timer.o
    0x0001a79c   0x00000084   Code   RO         1652    i.data_page_erase_state_run  pstorage.o
    0x0001a820   0x00000038   Code   RO         1653    i.data_to_swap_write_state_run  pstorage.o
    0x0001a858   0x0000008c   Code   RO         1974    i.detection_delay_timeout_handler  app_button.o
    0x0001a8e4   0x000000d0   Code   RO          934    i.device_context_store  device_manager_peripheral.o
    0x0001a9b4   0x0000007c   Code   RO          935    i.device_instance_allocate  device_manager_peripheral.o
    0x0001aa30   0x00000058   Code   RO          936    i.device_instance_find  device_manager_peripheral.o
    0x0001aa88   0x00000030   Code   RO          937    i.device_instance_free  device_manager_peripheral.o
    0x0001aab8   0x00000038   Code   RO           14    i.device_manager_evt_handler  main.o
    0x0001aaf0   0x000000d8   Code   RO           15    i.device_manager_init  main.o
    0x0001abc8   0x00000640   Code   RO          942    i.dm_ble_evt_handler  device_manager_peripheral.o
    0x0001b208   0x0000001c   Code   RO          948    i.dm_handle_initialize  device_manager_peripheral.o
    0x0001b224   0x00000108   Code   RO          949    i.dm_init           device_manager_peripheral.o
    0x0001b32c   0x0000024c   Code   RO          952    i.dm_pstorage_cb_handler  device_manager_peripheral.o
    0x0001b578   0x000000bc   Code   RO          953    i.dm_register       device_manager_peripheral.o
    0x0001b634   0x00000064   Code   RO         2066    i.elapsed_ticks_acquire  app_timer.o
    0x0001b698   0x00000044   Code   RO         1654    i.erase_sub_state_sm_run  pstorage.o
    0x0001b6dc   0x0000006c   Code   RO         2067    i.expired_timers_handler  app_timer.o
    0x0001b748   0x00000030   Code   RO         1655    i.flash_api_err_code_process  pstorage.o
    0x0001b778   0x00000040   Code   RO         1656    i.flash_operation_failure_run  pstorage.o
    0x0001b7b8   0x00000030   Code   RO         1657    i.flash_operation_success_run  pstorage.o
    0x0001b7e8   0x00000010   Code   RO         1658    i.flash_page_erase  pstorage.o
    0x0001b7f8   0x00000018   Code   RO         1659    i.flash_write       pstorage.o
    0x0001b810   0x00000098   Code   RO           16    i.gap_params_init   main.o
    0x0001b8a8   0x00000006   Code   RO          960    i.gattc_context_apply  device_manager_peripheral.o
    0x0001b8ae   0x00000006   Code   RO          961    i.gattc_context_load  device_manager_peripheral.o
    0x0001b8b4   0x00000006   Code   RO          962    i.gattc_context_store  device_manager_peripheral.o
    0x0001b8ba   0x00000002   PAD
    0x0001b8bc   0x000000f4   Code   RO          963    i.gatts_context_apply  device_manager_peripheral.o
    0x0001b9b0   0x00000048   Code   RO          964    i.gatts_context_load  device_manager_peripheral.o
    0x0001b9f8   0x000000dc   Code   RO          965    i.gatts_context_store  device_manager_peripheral.o
    0x0001bad4   0x0000001a   Code   RO          966    i.gattsc_context_apply  device_manager_peripheral.o
    0x0001baee   0x0000001e   Code   RO          967    i.gattsc_context_load  device_manager_peripheral.o
    0x0001bb0c   0x0000001e   Code   RO          968    i.gattsc_context_store  device_manager_peripheral.o
    0x0001bb2a   0x00000002   PAD
    0x0001bb2c   0x0000002c   Code   RO           17    i.gpio_init         main.o
    0x0001bb58   0x00000080   Code   RO         1975    i.gpiote_event_handler  app_button.o
    0x0001bbd8   0x00000070   Code   RO         1660    i.head_restore_state_run  pstorage.o
    0x0001bc48   0x0000001c   Code   RO           18    i.in_pin_handler    main.o
    0x0001bc64   0x000000c0   Code   RO         2329    i.intern_softdevice_events_execute  softdevice_handler.o
    0x0001bd24   0x00000024   Code   RO          820    i.is_conn_params_ok  ble_conn_params.o
    0x0001bd48   0x00000038   Code   RO         2561    i.is_disabled_in_debug_needed  system_nrf51.o
    0x0001bd80   0x0000006c   Code   RO         2562    i.is_manual_peripheral_setup_needed  system_nrf51.o
    0x0001bdec   0x00000058   Code   RO         1661    i.is_page_erase_required  pstorage.o
    0x0001be44   0x00000054   Code   RO         2563    i.is_peripheral_domain_setup_needed  system_nrf51.o
    0x0001be98   0x00000050   Code   RO         1662    i.is_tail_data_page_swap_required  pstorage.o
    0x0001bee8   0x00000012   Code   RO         1663    i.is_word_aligned   pstorage.o
    0x0001befa   0x00000002   PAD
    0x0001befc   0x00000024   Code   RO          477    i.leds_timer_handler  bsp.o
    0x0001bf20   0x000000c0   Code   RO         2068    i.list_deletions_handler  app_timer.o
    0x0001bfe0   0x00000130   Code   RO         2069    i.list_insertions_handler  app_timer.o
    0x0001c110   0x0000011c   Code   RO           19    i.main              main.o
    0x0001c22c   0x00000020   Code   RO         1664    i.main_state_err_busy_process  pstorage.o
    0x0001c24c   0x0000006a   Code   RO          643    i.manuf_specific_data_encode  ble_advdata.o
    0x0001c2b6   0x00000096   Code   RO          644    i.name_encode       ble_advdata.o
    0x0001c34c   0x00000006   Code   RO          969    i.no_service_context_apply  device_manager_peripheral.o
    0x0001c352   0x00000006   Code   RO          970    i.no_service_context_load  device_manager_peripheral.o
    0x0001c358   0x00000006   Code   RO          971    i.no_service_context_store  device_manager_peripheral.o
    0x0001c35e   0x00000002   PAD
    0x0001c360   0x00000040   Code   RO         1386    i.nrf_drv_common_irq_enable  nrf_drv_common.o
    0x0001c3a0   0x000000c8   Code   RO         1423    i.nrf_drv_gpiote_in_event_enable  nrf_drv_gpiote.o
    0x0001c468   0x000000f4   Code   RO         1424    i.nrf_drv_gpiote_in_init  nrf_drv_gpiote.o
    0x0001c55c   0x00000020   Code   RO         1425    i.nrf_drv_gpiote_in_is_set  nrf_drv_gpiote.o
    0x0001c57c   0x00000050   Code   RO         1427    i.nrf_drv_gpiote_init  nrf_drv_gpiote.o
    0x0001c5cc   0x00000014   Code   RO         1428    i.nrf_drv_gpiote_is_init  nrf_drv_gpiote.o
    0x0001c5e0   0x00000012   Code   RO           20    i.nrf_gpio_cfg_output  main.o
    0x0001c5f2   0x00000046   Code   RO         1441    i.nrf_gpio_cfg_sense_set  nrf_drv_gpiote.o
    0x0001c638   0x00000010   Code   RO           21    i.nrf_gpio_pin_clear  main.o
    0x0001c648   0x00000010   Code   RO           22    i.nrf_gpio_pin_set  main.o
    0x0001c658   0x0000000c   Code   RO         1444    i.nrf_gpiote_event_addr_get  nrf_drv_gpiote.o
    0x0001c664   0x00000010   Code   RO         1445    i.nrf_gpiote_event_clear  nrf_drv_gpiote.o
    0x0001c674   0x00000016   Code   RO         1446    i.nrf_gpiote_event_is_set  nrf_drv_gpiote.o
    0x0001c68a   0x00000002   PAD
    0x0001c68c   0x0000000c   Code   RO         1447    i.nrf_gpiote_int_enable  nrf_drv_gpiote.o
    0x0001c698   0x0000004c   Code   RO           23    i.on_adv_evt        main.o
    0x0001c6e4   0x00000060   Code   RO           24    i.on_ble_evt        main.o
    0x0001c744   0x00000098   Code   RO          374    i.on_ble_write      bluecerist_service.o
    0x0001c7dc   0x00000044   Code   RO           25    i.on_conn_params_evt  main.o
    0x0001c820   0x00000018   Code   RO          821    i.on_conn_params_update  ble_conn_params.o
    0x0001c838   0x0000003c   Code   RO          822    i.on_connect        ble_conn_params.o
    0x0001c874   0x00000028   Code   RO         1216    i.on_cts_high       app_uart.o
    0x0001c89c   0x0000003c   Code   RO         1217    i.on_cts_low        app_uart.o
    0x0001c8d8   0x00000044   Code   RO          823    i.on_disconnect     ble_conn_params.o
    0x0001c91c   0x0000002c   Code   RO         1218    i.on_tx_ready       app_uart.o
    0x0001c948   0x00000008   Code   RO         1219    i.on_uart_close     app_uart.o
    0x0001c950   0x00000036   Code   RO         1220    i.on_uart_event     app_uart.o
    0x0001c986   0x00000002   PAD
    0x0001c988   0x00000014   Code   RO         1221    i.on_uart_put       app_uart.o
    0x0001c99c   0x0000005c   Code   RO          824    i.on_write          ble_conn_params.o
    0x0001c9f8   0x00000184   Code   RO          375    i.our_char_add      bluecerist_service.o
    0x0001cb7c   0x00000090   Code   RO          376    i.our_service_init  bluecerist_service.o
    0x0001cc0c   0x0000001a   Code   RO          733    i.peer_address_exists  ble_advertising.o
    0x0001cc26   0x00000002   PAD
    0x0001cc28   0x0000005c   Code   RO          972    i.peer_instance_init  device_manager_peripheral.o
    0x0001cc84   0x0000001c   Code   RO         1448    i.pin_in_use_by_gpiote  nrf_drv_gpiote.o
    0x0001cca0   0x00000018   Code   RO         1449    i.pin_in_use_by_port  nrf_drv_gpiote.o
    0x0001ccb8   0x00000020   Code   RO         1450    i.pin_in_use_by_te  nrf_drv_gpiote.o
    0x0001ccd8   0x00000010   Code   RO         1451    i.pin_in_use_clear  nrf_drv_gpiote.o
    0x0001cce8   0x00000034   Code   RO           26    i.power_manage      main.o
    0x0001cd1c   0x00000030   Code   RO         1665    i.pstorage_access_status_get  pstorage.o
    0x0001cd4c   0x000000a4   Code   RO         1666    i.pstorage_block_identifier_get  pstorage.o
    0x0001cdf0   0x00000118   Code   RO         1667    i.pstorage_clear    pstorage.o
    0x0001cf08   0x00000028   Code   RO         1668    i.pstorage_flash_page_end  pstorage.o
    0x0001cf30   0x0000000a   Code   RO         1669    i.pstorage_flash_page_size  pstorage.o
    0x0001cf3a   0x00000002   PAD
    0x0001cf3c   0x00000088   Code   RO         1670    i.pstorage_init     pstorage.o
    0x0001cfc4   0x000000fc   Code   RO         1671    i.pstorage_load     pstorage.o
    0x0001d0c0   0x00000118   Code   RO         1672    i.pstorage_register  pstorage.o
    0x0001d1d8   0x000000e0   Code   RO         1673    i.pstorage_store    pstorage.o
    0x0001d2b8   0x0000004c   Code   RO         1674    i.pstorage_sys_event_handler  pstorage.o
    0x0001d304   0x000000e0   Code   RO         1675    i.pstorage_update   pstorage.o
    0x0001d3e4   0x0000000c   Code   RO          377    i.returnei          bluecerist_service.o
    0x0001d3f0   0x0000000c   Code   RO         2070    i.rtc1_counter_get  app_timer.o
    0x0001d3fc   0x00000018   Code   RO         2071    i.rtc1_init         app_timer.o
    0x0001d414   0x0000003c   Code   RO         2072    i.rtc1_start        app_timer.o
    0x0001d450   0x00000080   Code   RO         2073    i.rtc1_stop         app_timer.o
    0x0001d4d0   0x0000008c   Code   RO          645    i.service_data_encode  ble_advdata.o
    0x0001d55c   0x00000010   Code   RO           27    i.services_init     main.o
    0x0001d56c   0x0000000c   Code   RO          378    i.setvalue          bluecerist_service.o
    0x0001d578   0x00000074   Code   RO           28    i.sleep_mode_enter  main.o
    0x0001d5ec   0x00000014   Code   RO         1676    i.sm_state_change   pstorage.o
    0x0001d600   0x00000012   Code   RO         2330    i.softdevice_assertion_handler  softdevice_handler.o
    0x0001d612   0x00000002   PAD
    0x0001d614   0x00000018   Code   RO         2331    i.softdevice_ble_evt_handler_set  softdevice_handler.o
    0x0001d62c   0x00000068   Code   RO         2332    i.softdevice_handler_init  softdevice_handler.o
    0x0001d694   0x00000018   Code   RO         2334    i.softdevice_sys_evt_handler_set  softdevice_handler.o
    0x0001d6ac   0x00000010   Code   RO          646    i.srdata_check      ble_advdata.o
    0x0001d6bc   0x00000054   Code   RO           29    i.start_timer       main.o
    0x0001d710   0x00000054   Code   RO          592    i.startup_event_extract  bsp_btn_ble.o
    0x0001d764   0x00000010   Code   RO         1677    i.state_data_erase_entry_run  pstorage.o
    0x0001d774   0x00000098   Code   RO         1678    i.state_data_erase_swap_entry_run  pstorage.o
    0x0001d80c   0x0000003c   Code   RO         1679    i.state_entry_action_run  pstorage.o
    0x0001d848   0x00000010   Code   RO         1680    i.state_erase_data_page_entry_run  pstorage.o
    0x0001d858   0x0000001c   Code   RO         1681    i.state_idle_entry_run  pstorage.o
    0x0001d874   0x00000034   Code   RO         1682    i.state_restore_head_entry_run  pstorage.o
    0x0001d8a8   0x00000054   Code   RO         1683    i.state_restore_tail_entry_run  pstorage.o
    0x0001d8fc   0x00000008   Code   RO         1684    i.state_store_entry_run  pstorage.o
    0x0001d904   0x00000026   Code   RO         1685    i.state_swap_erase_entry_run  pstorage.o
    0x0001d92a   0x00000002   PAD
    0x0001d92c   0x00000034   Code   RO         1686    i.state_write_data_swap_entry_run  pstorage.o
    0x0001d960   0x00000054   Code   RO           30    i.stop_timer        main.o
    0x0001d9b4   0x00000008   Code   RO          973    i.storage_operation_dummy_handler  device_manager_peripheral.o
    0x0001d9bc   0x00000064   Code   RO         1687    i.store_cmd_flash_write_execute  pstorage.o
    0x0001da20   0x0000000a   Code   RO         1688    i.store_operation_execute  pstorage.o
    0x0001da2a   0x00000002   PAD
    0x0001da2c   0x0000004c   Code   RO         1689    i.store_sub_state_sm_run  pstorage.o
    0x0001da78   0x00000020   Code   RO         1690    i.swap_erase_state_run  pstorage.o
    0x0001da98   0x00000008   Code   RO         1691    i.swap_sub_sm_exit_action_run  pstorage.o
    0x0001daa0   0x00000018   Code   RO         1692    i.swap_sub_state_entry_action_run  pstorage.o
    0x0001dab8   0x00000020   Code   RO         1693    i.swap_sub_state_err_busy_process  pstorage.o
    0x0001dad8   0x00000018   Code   RO         1694    i.swap_sub_state_sm_run  pstorage.o
    0x0001daf0   0x00000014   Code   RO         1695    i.swap_sub_state_state_change  pstorage.o
    0x0001db04   0x00000012   Code   RO           31    i.sys_evt_dispatch  main.o
    0x0001db16   0x00000002   PAD
    0x0001db18   0x00000020   Code   RO         1696    i.tail_restore_state_run  pstorage.o
    0x0001db38   0x00000058   Code   RO         1697    i.tail_word_size_calculate  pstorage.o
    0x0001db90   0x0000000a   Code   RO         2074    i.ticks_diff_get    app_timer.o
    0x0001db9a   0x00000002   PAD
    0x0001db9c   0x0000007c   Code   RO         2075    i.timeout_handler_exec  app_timer.o
    0x0001dc18   0x00000058   Code   RO         2076    i.timer_list_handler  app_timer.o
    0x0001dc70   0x0000000a   Code   RO         2077    i.timer_list_handler_sched  app_timer.o
    0x0001dc7a   0x00000002   PAD
    0x0001dc7c   0x000000dc   Code   RO         2078    i.timer_list_insert  app_timer.o
    0x0001dd58   0x000000cc   Code   RO         2079    i.timer_list_remove  app_timer.o
    0x0001de24   0x00000054   Code   RO         2080    i.timer_start_op_schedule  app_timer.o
    0x0001de78   0x00000040   Code   RO         2082    i.timer_stop_op_schedule  app_timer.o
    0x0001deb8   0x0000009c   Code   RO         2083    i.timer_timeouts_check  app_timer.o
    0x0001df54   0x0000000a   Code   RO         2084    i.timer_timeouts_check_sched  app_timer.o
    0x0001df5e   0x00000002   PAD
    0x0001df60   0x00000044   Code   RO           32    i.timers_init       main.o
    0x0001dfa4   0x00000030   Code   RO          647    i.tx_power_level_encode  ble_advdata.o
    0x0001dfd4   0x00000012   Code   RO          648    i.uint16_encode     ble_advdata.o
    0x0001dfe6   0x00000008   Code   RO         1698    i.update_operation_execute  pstorage.o
    0x0001dfee   0x00000002   PAD
    0x0001dff0   0x00000014   Code   RO          974    i.update_status_bit_reset  device_manager_peripheral.o
    0x0001e004   0x0000009c   Code   RO          825    i.update_timeout_handler  ble_conn_params.o
    0x0001e0a0   0x00000022   Code   RO         2085    i.user_id_get       app_timer.o
    0x0001e0c2   0x0000002c   Code   RO         2086    i.user_op_alloc     app_timer.o
    0x0001e0ee   0x00000004   Code   RO         2087    i.user_op_enque     app_timer.o
    0x0001e0f2   0x00000040   Code   RO          649    i.uuid_list_encode  ble_advdata.o
    0x0001e132   0x000000c4   Code   RO          650    i.uuid_list_sized_encode  ble_advdata.o
    0x0001e1f6   0x00000016   Code   RO          734    i.whitelist_has_entries  ble_advertising.o
    0x0001e20c   0x00000020   Data   RO          379    .constdata          bluecerist_service.o
    0x0001e22c   0x00000018   Data   RO          478    .constdata          bsp.o
    0x0001e244   0x00000034   Data   RO          976    .constdata          device_manager_peripheral.o
    0x0001e278   0x00000028   Data   RO         1700    .constdata          pstorage.o
    0x0001e2a0   0x00000004   Data   RO         1976    .constdata          app_button.o
    0x0001e2a4   0x0000004c   Data   RO          977    .conststring        device_manager_peripheral.o
    0x0001e2f0   0x00000057   Data   RO         2335    .conststring        softdevice_handler.o
    0x0001e347   0x00000001   PAD
    0x0001e348   0x00000020   Data   RO         2652    Region$$Table       anon$$obj.o


    Execution Region RW_IRAM1 (Base: 0x20002000, Size: 0x00001068, Max: 0x00006000, ABSOLUTE, COMPRESSED[0x00000020])

    Base Addr    Size         Type   Attr      Idx    E Section Name        Object

    0x20002000   0x00000021   Data   RW           34    .data               main.o
    0x20002021   0x00000003   PAD
    0x20002024   0x00000004   Data   RW          380    .data               bluecerist_service.o
    0x20002028   0x00000027   Data   RW          479    .data               bsp.o
    0x2000204f   0x00000001   PAD
    0x20002050   0x00000008   Data   RW          593    .data               bsp_btn_ble.o
    0x20002058   0x00000020   Data   RW          736    .data               ble_advertising.o
    0x20002078   0x00000019   Data   RW          827    .data               ble_conn_params.o
    0x20002091   0x00000003   PAD
    0x20002094   0x00000014   Data   RW          978    .data               device_manager_peripheral.o
    0x200020a8   0x0000000d   Data   RW         1225    .data               app_uart.o
    0x200020b5   0x00000003   PAD
    0x200020b8   0x00000028   Data   RW         1701    .data               pstorage.o
    0x200020e0   0x00000018   Data   RW         1977    .data               app_button.o
    0x200020f8   0x0000000c   Data   RW         2028    .data               app_error.o
    0x20002104   0x0000002a   Data   RW         2088    .data               app_timer.o
    0x2000212e   0x00000002   PAD
    0x20002130   0x00000018   Data   RW         2336    .data               softdevice_handler.o
    0x20002148   0x00000004   Data   RW         2564    .data               system_nrf51.o
    0x2000214c   0x00000384   Zero   RW           33    .bss                main.o
    0x200024d0   0x000000fb   Zero   RW          735    .bss                ble_advertising.o
    0x200025cb   0x00000001   PAD
    0x200025cc   0x0000001c   Zero   RW          826    .bss                ble_conn_params.o
    0x200025e8   0x0000014f   Zero   RW          975    .bss                device_manager_peripheral.o
    0x20002737   0x00000001   PAD
    0x20002738   0x0000004c   Zero   RW         1452    .bss                nrf_drv_gpiote.o
    0x20002784   0x000000e4   Zero   RW         1699    .bss                pstorage.o
    0x20002868   0x00000800   Zero   RW         2550    STACK               arm_startup_nrf51.o


==============================================================================

Image component sizes


      Code (inc. data)   RO Data    RW Data    ZI Data      Debug   Object Name

       476         78          4         24          0       6214   app_button.o
        60         12          0         12          0       1644   app_error.o
      3018        378          0         42          0      34735   app_timer.o
       526        100          0         13          0      18608   app_uart.o
        56         18        192          0       2048        668   arm_startup_nrf51.o
      1448          4          0          0          0      14630   ble_advdata.o
      1576        162          0         32        251      13497   ble_advertising.o
       766        126          0         25         28      15256   ble_conn_params.o
       758        108         32          4          0      36569   bluecerist_service.o
      2054        172         24         39          0      34289   bsp.o
       490         20          0          8          0       5925   bsp_btn_ble.o
      4150        316        128         20        335      32273   device_manager_peripheral.o
      2514        468          0         33        900     103968   main.o
       184         18          0          0          0       2120   nrf_drv_common.o
      1384        118          0          0         76      22500   nrf_drv_gpiote.o
      4300        438         40         40        228      42038   pstorage.o
       422         64         87         24          0      10272   softdevice_handler.o
       348         38          0          4          0       2451   system_nrf51.o

    ----------------------------------------------------------------------
     24578       2638        540        332       3868     397657   Object Totals
         0          0         32          0          0          0   (incl. Generated)
        48          0          1         12          2          0   (incl. Padding)

    ----------------------------------------------------------------------

      Code (inc. data)   RO Data    RW Data    ZI Data      Debug   Library Member Name

        58          0          0          0          0          0   __dczerorl.o
         0          0          0          0          0          0   entry.o
         0          0          0          0          0          0   entry10a.o
         0          0          0          0          0          0   entry11a.o
         8          4          0          0          0          0   entry2.o
         4          0          0          0          0          0   entry5.o
         0          0          0          0          0          0   entry7b.o
         0          0          0          0          0          0   entry8b.o
         8          4          0          0          0          0   entry9a.o
        30          0          0          0          0          0   handlers.o
        40          0          0          0          0         72   idiv.o
        36          8          0          0          0         68   init.o
        26          0          0          0          0         72   memcmp.o
        36          0          0          0          0         60   memcpya.o
        36          0          0          0          0        100   memseta.o
        44          0          0          0          0         72   uidiv.o

    ----------------------------------------------------------------------
       330         16          0          0          0        444   Library Totals
         4          0          0          0          0          0   (incl. Padding)

    ----------------------------------------------------------------------

      Code (inc. data)   RO Data    RW Data    ZI Data      Debug   Library Name

       326         16          0          0          0        444   mc_p.l

    ----------------------------------------------------------------------
       330         16          0          0          0        444   Library Totals

    ----------------------------------------------------------------------

==============================================================================


      Code (inc. data)   RO Data    RW Data    ZI Data      Debug   

     24908       2654        540        332       3868     387317   Grand Totals
     24908       2654        540         32       3868     387317   ELF Image Totals (compressed)
     24908       2654        540         32          0          0   ROM Totals

==============================================================================

    Total RO  Size (Code + RO Data)                25448 (  24.85kB)
    Total RW  Size (RW Data + ZI Data)              4200 (   4.10kB)
    Total ROM Size (Code + RO Data + RW Data)      25480 (  24.88kB)

==============================================================================

